[Bootstrap]
SetupTitle=Install
SetupText=Copying Files, please stand by.
CabFile=PassTimeTester.CAB
Spawn=Setup1.exe
Uninstal=st6unst.exe
TmpDir=msftqws.pdw
Cabs=1

[Bootstrap Files]
File1=@VB6STKIT.DLL,$(WinSysPathSysFile),,,7/15/00 1:00:00 AM,101888,6.0.84.50
File2=@COMCAT.DLL,$(WinSysPathSysFile),$(DLLSelfRegister),,5/31/98 1:00:00 AM,22288,4.71.1460.1
File3=@STDOLE2.TLB,$(WinSysPathSysFile),$(TLBRegister),,6/3/99 1:00:00 AM,17920,2.40.4275.1
File4=@ASYCFILT.DLL,$(WinSysPathSysFile),,,3/8/99 1:00:00 AM,147728,2.40.4275.1
File5=@OLEPRO32.DLL,$(WinSysPathSysFile),$(DLLSelfRegister),,3/8/99 1:00:00 AM,164112,5.0.4275.1
File6=@OLEAUT32.DLL,$(WinSysPathSysFile),$(DLLSelfRegister),,4/12/00 1:00:00 AM,598288,2.40.4275.1
File7=@MSVBVM60.DLL,$(WinSysPathSysFile),$(DLLSelfRegister),,2/23/04 2:00:00 AM,1386496,6.0.97.82

[IconGroups]
Group0=PassTime Elite II Tester
PrivateGroup0=-1
Parent0=$(Programs)

[PassTime Elite II Tester]
Icon1="PassTimeTester.exe"
Title1=PassTime Elite II Tester
StartIn1=$(AppPath)
Icon2="README.txt"
Title2=Read Me
StartIn2=$(AppPath)

[Setup]
Title=PassTime Elite II Tester
DefaultDir=$(ProgramFiles)\PassTimeTester
AppExe=PassTimeTester.exe
AppToUninstall=PassTimeTester.exe

[Setup1 Files]
File1=@prnsend.txt,$(AppPath),,,3/3/12 5:42:37 PM,363,0.0.0.0
File2=@ModelTypes.xml,$(AppPath),,,7/9/13 4:04:55 PM,12156,0.0.0.0
File3=@LabelConfig_ZPL.txt,$(AppPath),,,6/15/07 1:07:00 PM,924,0.0.0.0
File4=@Elite3.3.hex,$(ProgramFiles)\..\PassTimeData,,,6/19/12 10:27:46 PM,0,0.0.0.0
File5=@Elite3.19.hex,$(ProgramFiles)\..\PassTimeData,,,6/19/12 10:27:46 PM,0,0.0.0.0
File6=@DosExec.bat,$(AppPath),,,6/15/07 1:07:00 PM,76,0.0.0.0
File7=@README.txt,$(AppPath),,,7/9/13 4:44:40 PM,6716,0.0.0.0
File8=@MSCOMCTL.OCX,$(WinSysPath),$(DLLSelfRegister),$(Shared),6/15/07 1:07:00 PM,1081616,6.1.97.82
File9=@comdlg32.ocx,$(WinSysPath),$(DLLSelfRegister),$(Shared),6/15/07 1:07:00 PM,152848,6.1.97.82
File10=@MSCOMM32.OCX,$(WinSysPath),$(DLLSelfRegister),$(Shared),6/15/07 1:07:00 PM,103744,6.0.81.69
File11=@msxml3.dll,$(WinSysPath),$(DLLSelfRegister),$(Shared),6/15/07 1:07:00 PM,1084416,8.70.1113.0
File12=@msstdfmt.dll,$(WinSysPath),$(DLLSelfRegister),$(Shared),6/15/07 1:07:00 PM,119808,6.1.97.82
File13=@progPic.bat,$(AppPath),,,9/4/09 4:14:41 PM,1909,0.0.0.0
File14=@ICD3CMD.EXE,$(AppPath),,,9/4/09 4:14:41 PM,65536,1.0.0.8
File15=@PassTimeTester.exe,$(AppPath),,,7/9/13 4:49:05 PM,716800,2.4.0.20
File16=@Elite3.4.hex,$(ProgramFiles)\..\PassTimeData,,,12/12/12 2:00:28 PM,0,0.0.0.0
File17=@Elite3.8.hex,$(ProgramFiles)\..\PassTimeData,,,6/14/13 1:56:03 PM,985058,0.0.0.0
; The following lines may be deleted in order to obtain extra 
; space for customizing this file on a full installation diskette.
; 
; File8=@MDAC_TYP.EXE,$(AppPath),,,6/26/98 1:00:00 AM,8124720,4.71.1015.0
; XXXXXXXXXXXXXXXXXXXXXXXXXXXXXXXXXXXXXXXXXXXXXXXXX
; File16=@MSVCRT.DLL,$(WinSysPathSysFile),,,2/17/04 1:00:00 AM,278581,6.0.9782.0
; XXXXXXXXXXXXXXXXXXXXXXXXXXXXXXXXXXXXXXXXXX
; File17=@MSBIND.DLL,$(WinSysPath),$(DLLSelfRegister),$(Shared),2/23/04 1:00:00 AM,78848,6.1.97.82
; XXXXXXXXXXXXXXXXXXXXXXXX
; XXXXXXXXXXXXXXXXXXXXXXXXXXXXXXXXXXXXXXXXXXXXXXXXXXXXXXXXXXXX
; XXXXXXXXXXXXXXXXXXXXXXXXXXXXXXXXXXXXXXXXXXXXXXXXXXXXXXXXXXXX
; XXXXXXXXXXXXXXXXXXXXXXXXXXXXXXXXXXXXXXXXXXXXXXXXXXXXXXXXXXXX
; XXXXXXXXXXXXXXXXXXXXXXXXXXXXXXXXXXXXXXXXXXXXXXXXXXXXXXXXXXXX
; XXXXXXXXXXXXXXXXXXXXXXXXXXXXXXXXXXXXXXXXXXXXXXXXXXXXXXXXXXXX
; XXXXXXXXXXXXXXXXXXXXXXXXXXXXXXXXXXXXXXXXXXXXXXXXXXXXXXXXXXXX
; XXXXXXXXXXXXXXXXXXXXXXXXXXXXXXXXXXXXXXXXXXXXXXXXXXXXXXXXXXXX
; XXXXXXXXXXXXXXXXXXXXXXXXXXXXXXXXXXXXXXXXXXXXXXXXXXXXXXXXXXXX
; XXXXXXXXXXXXXXXXXXXXXXXXXXXXXXXXXXXXXXXXXXXXXXXXXXXXXXXXXXXX
; XXXXXXXXXXXXXXXXXXXXXXXXXXXXXXXXXXXXXXXXXXXXXXXXXXXXXXXXXXXX
; XXXXXXXXXXXXXXXXXXXXXXXXXXXXXXXXXXXXXXXXXXXXXXXXXXXXXXXXXXXX
; XXXXXXXXXXXXXXXXXXXXXXXXXXXXXXXXXXXXXXXXXXXXXXXXXXXXXXXXXXXX
; XXXXXXXXXXXXXXXXXXXXXXXXXXXXXXXXXXXXXXXXXXXXXXXXXXXXXXXXXXXX
; XXXXXXXXXXXXXXXXXXXXXXXXXXXXXXXXXXXXXXXXXXXXXXXXXXXXXXXXXXXX
; XXXXXXXXXXXXXXXXXXXXXXXXXXXXXXXXXXXXXXXXXXXXXXXXXXXXXXXXXXXX
; XXXXXXXXXXXXXXXXXXXXXXXXXXXXXXXXXXXXXXXXXXXXXXXXXXXXXXXXXXXX
; XXXXXXXXXXXXXXXXXXXXXXXXXXXXXXXXXXXXXXXXXXXXXXXXXXXXXXXXXXXX
; XXXXXXXXXXXXXXXXXXXXXXXXXXXXXXXXXXXXXXXXXXXXXXXXXXXXXXXXXXXX
; XXXXXXXXXXXXXXXXXXXXXXXXXXXXXXXXXXXXXXXXXXXXXXXXXXXXXXXXXXXX
; XXXXXXXXXXXXXXXXXXXXXXXXXXXXXXXXXXXXXXXXXXXXXXXXXXXXXXXXXXXX
; XXXXXXXXXXXXXXXXXXXXXXXXXXXXXXXXXXXXXXXXXXXXXXXXXXXXXXXXXXXX
; XXXXXXXXXXXXXXXXXXXXXXXXXXXXXXXXXXXXXXXXXXXXXXXXXXXXXXXXXXXX
; XXXXXXXXXXXXXXXXXXXXXXXXXXXXXXXXXXXXXXXXXXXXXXXXXXXXXXXXXXXX
; XXXXXXXXXXXXXXXXXXXXXXXXXXXXXXXXXXXXXXXXXXXXXXXXXXXXXXXXXXXX
; XXXXXXXXXXXXXXXXXXXXXXXXXXXXXXXXXXXXXXXXXXXXXXXXXXXXXXXXXXXX
; XXXXXXXXXXXXXXXXXXXXXXXXXXXXXXXXXXXXXXXXXXXXXXXXXXXXXXXXXXXX
; XXXXXXXXXXXXXXXXXXXXXXXXXXXXXXXXXXXXXXXXXXXXXXXXXXXXXXXXXXXX
; XXXXXXXXXXXXXXXXXXXXXXXXXXXXXXXXXXXXXXXXXXXXXXXXXXXXXXXXXXXX
